C:\Users\Senla-PC-029\Desktop\tools-doctor-appointment-auto-configure\src\main\java\com\demo\tools\doctorappointment\autoconfigure\api\ExceptionResponseProcessor.java
C:\Users\Senla-PC-029\Desktop\tools-doctor-appointment-auto-configure\src\main\java\com\demo\tools\doctorappointment\autoconfigure\exception\CustomCrudException.java
C:\Users\Senla-PC-029\Desktop\tools-doctor-appointment-auto-configure\src\main\java\com\demo\tools\doctorappointment\autoconfigure\api\ControllerAdvice.java
C:\Users\Senla-PC-029\Desktop\tools-doctor-appointment-auto-configure\src\main\java\com\demo\tools\doctorappointment\autoconfigure\util\exception\ExceptionTokenizer.java
C:\Users\Senla-PC-029\Desktop\tools-doctor-appointment-auto-configure\src\main\java\com\demo\tools\doctorappointment\autoconfigure\util\api\RestParams.java
C:\Users\Senla-PC-029\Desktop\tools-doctor-appointment-auto-configure\src\main\java\com\demo\tools\doctorappointment\autoconfigure\exception\ResourceNotFoundException.java
C:\Users\Senla-PC-029\Desktop\tools-doctor-appointment-auto-configure\src\main\java\com\demo\tools\doctorappointment\autoconfigure\exception\ErrorDetails.java
